Release 14.7 - xst P.20131013 (nt64)
Copyright (c) 1995-2013 Xilinx, Inc.  All rights reserved.
--> Parameter TMPDIR set to xst/projnav.tmp


Total REAL time to Xst completion: 0.00 secs
Total CPU time to Xst completion: 0.09 secs
 
--> Parameter xsthdpdir set to xst


Total REAL time to Xst completion: 0.00 secs
Total CPU time to Xst completion: 0.09 secs
 
--> Reading design: CPU.prj

TABLE OF CONTENTS
  1) Synthesis Options Summary
  2) HDL Parsing
  3) HDL Elaboration
  4) HDL Synthesis
       4.1) HDL Synthesis Report
  5) Advanced HDL Synthesis
       5.1) Advanced HDL Synthesis Report
  6) Low Level Synthesis
  7) Partition Report
  8) Design Summary
       8.1) Primitive and Black Box Usage
       8.2) Device utilization summary
       8.3) Partition Resource Summary
       8.4) Timing Report
            8.4.1) Clock Information
            8.4.2) Asynchronous Control Signals Information
            8.4.3) Timing Summary
            8.4.4) Timing Details
            8.4.5) Cross Clock Domains Report


=========================================================================
*                      Synthesis Options Summary                        *
=========================================================================
---- Source Parameters
Input File Name                    : "CPU.prj"
Ignore Synthesis Constraint File   : NO

---- Target Parameters
Output File Name                   : "CPU"
Output Format                      : NGC
Target Device                      : xc7a100t-3-csg324

---- Source Options
Top Module Name                    : CPU
Automatic FSM Extraction           : YES
FSM Encoding Algorithm             : Auto
Safe Implementation                : No
FSM Style                          : LUT
RAM Extraction                     : Yes
RAM Style                          : Auto
ROM Extraction                     : Yes
Shift Register Extraction          : YES
ROM Style                          : Auto
Resource Sharing                   : YES
Asynchronous To Synchronous        : NO
Shift Register Minimum Size        : 2
Use DSP Block                      : Auto
Automatic Register Balancing       : No

---- Target Options
LUT Combining                      : Auto
Reduce Control Sets                : Auto
Add IO Buffers                     : YES
Global Maximum Fanout              : 100000
Add Generic Clock Buffer(BUFG)     : 32
Register Duplication               : YES
Optimize Instantiated Primitives   : NO
Use Clock Enable                   : Auto
Use Synchronous Set                : Auto
Use Synchronous Reset              : Auto
Pack IO Registers into IOBs        : Auto
Equivalent register Removal        : YES

---- General Options
Optimization Goal                  : Speed
Optimization Effort                : 1
Power Reduction                    : NO
Keep Hierarchy                     : No
Netlist Hierarchy                  : As_Optimized
RTL Output                         : Yes
Global Optimization                : AllClockNets
Read Cores                         : YES
Write Timing Constraints           : NO
Cross Clock Analysis               : NO
Hierarchy Separator                : /
Bus Delimiter                      : <>
Case Specifier                     : Maintain
Slice Utilization Ratio            : 100
BRAM Utilization Ratio             : 100
DSP48 Utilization Ratio            : 100
Auto BRAM Packing                  : NO
Slice Utilization Ratio Delta      : 5

=========================================================================


=========================================================================
*                          HDL Parsing                                  *
=========================================================================
Analyzing Verilog file "C:\Users\MM\Desktop\CPU.v" into library work
Parsing module <CPU>.

=========================================================================
*                            HDL Elaboration                            *
=========================================================================

Elaborating module <CPU>.

=========================================================================
*                           HDL Synthesis                               *
=========================================================================

Synthesizing Unit <CPU>.
    Related source file is "C:\Users\MM\Desktop\CPU.v".
        N = 3
    Found 7-bit register for signal <result>.
    Found 7-bit register for signal <Accumulator>.
    Found 7-bit subtractor for signal <Accumulator[6]_GND_1_o_sub_4_OUT> created at line 56.
    Found 7-bit adder for signal <Accumulator[6]_GND_1_o_add_1_OUT> created at line 54.
    Found 7x3-bit multiplier for signal <n0021> created at line 55.
    Found 7-bit 8-to-1 multiplexer for signal <OPR[2]_GND_1_o_wide_mux_7_OUT> created at line 51.
    Summary:
	inferred   1 Multiplier(s).
	inferred   1 Adder/Subtractor(s).
	inferred  14 D-type flip-flop(s).
	inferred  11 Multiplexer(s).
Unit <CPU> synthesized.

=========================================================================
HDL Synthesis Report

Macro Statistics
# Multipliers                                          : 1
 7x3-bit multiplier                                    : 1
# Adders/Subtractors                                   : 1
 7-bit addsub                                          : 1
# Registers                                            : 2
 7-bit register                                        : 2
# Multiplexers                                         : 11
 7-bit 2-to-1 multiplexer                              : 11

=========================================================================
INFO:Xst:1767 - HDL ADVISOR - Resource sharing has identified that some arithmetic operations in this design can share the same physical resources for reduced device utilization. For improved clock frequency you may try to disable resource sharing.

=========================================================================
*                       Advanced HDL Synthesis                          *
=========================================================================


=========================================================================
Advanced HDL Synthesis Report

Macro Statistics
# Multipliers                                          : 1
 7x3-bit multiplier                                    : 1
# Adders/Subtractors                                   : 1
 7-bit addsub                                          : 1
# Registers                                            : 14
 Flip-Flops                                            : 14
# Multiplexers                                         : 11
 7-bit 2-to-1 multiplexer                              : 11

=========================================================================

=========================================================================
*                         Low Level Synthesis                           *
=========================================================================

Optimizing unit <CPU> ...

Mapping all equations...
Building and optimizing final netlist ...
Found area constraint ratio of 100 (+ 5) on block CPU, actual ratio is 0.

Final Macro Processing ...

=========================================================================
Final Register Report

Macro Statistics
# Registers                                            : 14
 Flip-Flops                                            : 14

=========================================================================

=========================================================================
*                           Partition Report                            *
=========================================================================

Partition Implementation Status
-------------------------------

  No Partitions were found in this design.

-------------------------------

=========================================================================
*                            Design Summary                             *
=========================================================================

Top Level Output File Name         : CPU.ngc

Primitive and Black Box Usage:
------------------------------
# BELS                             : 64
#      GND                         : 1
#      INV                         : 1
#      LUT2                        : 3
#      LUT3                        : 4
#      LUT4                        : 12
#      LUT5                        : 6
#      LUT6                        : 13
#      MUXCY                       : 11
#      XORCY                       : 13
# FlipFlops/Latches                : 14
#      FDE                         : 7
#      FDRE                        : 7
# Clock Buffers                    : 1
#      BUFGP                       : 1
# IO Buffers                       : 15
#      IBUF                        : 8
#      OBUF                        : 7

Device utilization summary:
---------------------------

Selected Device : 7a100tcsg324-3 


Slice Logic Utilization: 
 Number of Slice Registers:              14  out of  126800     0%  
 Number of Slice LUTs:                   39  out of  63400     0%  
    Number used as Logic:                39  out of  63400     0%  

Slice Logic Distribution: 
 Number of LUT Flip Flop pairs used:     43
   Number with an unused Flip Flop:      29  out of     43    67%  
   Number with an unused LUT:             4  out of     43     9%  
   Number of fully used LUT-FF pairs:    10  out of     43    23%  
   Number of unique control sets:         2

IO Utilization: 
 Number of IOs:                          16
 Number of bonded IOBs:                  16  out of    210     7%  

Specific Feature Utilization:
 Number of BUFG/BUFGCTRLs:                1  out of     32     3%  

---------------------------
Partition Resource Summary:
---------------------------

  No Partitions were found in this design.

---------------------------


=========================================================================
Timing Report

NOTE: THESE TIMING NUMBERS ARE ONLY A SYNTHESIS ESTIMATE.
      FOR ACCURATE TIMING INFORMATION PLEASE REFER TO THE TRACE REPORT
      GENERATED AFTER PLACE-and-ROUTE.

Clock Information:
------------------
-----------------------------------+------------------------+-------+
Clock Signal                       | Clock buffer(FF name)  | Load  |
-----------------------------------+------------------------+-------+
CLK                                | BUFGP                  | 14    |
-----------------------------------+------------------------+-------+

Asynchronous Control Signals Information:
----------------------------------------
No asynchronous control signals found in this design

Timing Summary:
---------------
Speed Grade: -3

   Minimum period: 3.686ns (Maximum Frequency: 271.260MHz)
   Minimum input arrival time before clock: 3.477ns
   Maximum output required time after clock: 0.640ns
   Maximum combinational path delay: No path found

Timing Details:
---------------
All values displayed in nanoseconds (ns)

=========================================================================
Timing constraint: Default period analysis for Clock 'CLK'
  Clock period: 3.686ns (frequency: 271.260MHz)
  Total number of paths / destination ports: 878 / 14
-------------------------------------------------------------------------
Delay:               3.686ns (Levels of Logic = 8)
  Source:            Accumulator_3 (FF)
  Destination:       result_6 (FF)
  Source Clock:      CLK rising
  Destination Clock: CLK rising

  Data Path: Accumulator_3 to result_6
                                Gate     Net
    Cell:in->out      fanout   Delay   Delay  Logical Name (Net Name)
    ----------------------------------------  ------------
     FDRE:C->Q             9   0.361   0.593  Accumulator_3 (Accumulator_3)
     LUT6:I2->O            1   0.097   0.295  Mmult_n0021_Madd_41 (Mmult_n0021_Madd_4)
     LUT3:I2->O            1   0.097   0.000  Mmult_n0021_Madd1_lut<4> (Mmult_n0021_Madd1_lut<4>)
     MUXCY:S->O            1   0.353   0.000  Mmult_n0021_Madd1_cy<4> (Mmult_n0021_Madd1_cy<4>)
     XORCY:CI->O           2   0.370   0.299  Mmult_n0021_Madd1_xor<5> (n0021<5>)
     LUT4:I3->O            1   0.097   0.000  Mmux_OPR[2]_GND_1_o_wide_mux_7_OUT3_rs_lut<5> (Mmux_OPR[2]_GND_1_o_wide_mux_7_OUT3_rs_lut<5>)
     MUXCY:S->O            0   0.353   0.000  Mmux_OPR[2]_GND_1_o_wide_mux_7_OUT3_rs_cy<5> (Mmux_OPR[2]_GND_1_o_wide_mux_7_OUT3_rs_cy<5>)
     XORCY:CI->O           1   0.370   0.295  Mmux_OPR[2]_GND_1_o_wide_mux_7_OUT3_rs_xor<6> (Mmux_OPR[2]_GND_1_o_wide_mux_7_OUT3_split<6>)
     LUT6:I5->O            2   0.097   0.000  Accumulator[6]_OPR[2]_mux_10_OUT<6>1 (Accumulator[6]_OPR[2]_mux_10_OUT<6>)
     FDE:D                     0.008          result_6
    ----------------------------------------
    Total                      3.686ns (2.203ns logic, 1.484ns route)
                                       (59.8% logic, 40.2% route)

=========================================================================
Timing constraint: Default OFFSET IN BEFORE for Clock 'CLK'
  Total number of paths / destination ports: 1009 / 35
-------------------------------------------------------------------------
Offset:              3.477ns (Levels of Logic = 9)
  Source:            OPC<0> (PAD)
  Destination:       result_6 (FF)
  Destination Clock: CLK rising

  Data Path: OPC<0> to result_6
                                Gate     Net
    Cell:in->out      fanout   Delay   Delay  Logical Name (Net Name)
    ----------------------------------------  ------------
     IBUF:I->O            12   0.001   0.744  OPC_0_IBUF (OPC_0_IBUF)
     LUT6:I0->O            1   0.097   0.295  Mmult_n0021_Madd_41 (Mmult_n0021_Madd_4)
     LUT3:I2->O            1   0.097   0.000  Mmult_n0021_Madd1_lut<4> (Mmult_n0021_Madd1_lut<4>)
     MUXCY:S->O            1   0.353   0.000  Mmult_n0021_Madd1_cy<4> (Mmult_n0021_Madd1_cy<4>)
     XORCY:CI->O           2   0.370   0.299  Mmult_n0021_Madd1_xor<5> (n0021<5>)
     LUT4:I3->O            1   0.097   0.000  Mmux_OPR[2]_GND_1_o_wide_mux_7_OUT3_rs_lut<5> (Mmux_OPR[2]_GND_1_o_wide_mux_7_OUT3_rs_lut<5>)
     MUXCY:S->O            0   0.353   0.000  Mmux_OPR[2]_GND_1_o_wide_mux_7_OUT3_rs_cy<5> (Mmux_OPR[2]_GND_1_o_wide_mux_7_OUT3_rs_cy<5>)
     XORCY:CI->O           1   0.370   0.295  Mmux_OPR[2]_GND_1_o_wide_mux_7_OUT3_rs_xor<6> (Mmux_OPR[2]_GND_1_o_wide_mux_7_OUT3_split<6>)
     LUT6:I5->O            2   0.097   0.000  Accumulator[6]_OPR[2]_mux_10_OUT<6>1 (Accumulator[6]_OPR[2]_mux_10_OUT<6>)
     FDE:D                     0.008          result_6
    ----------------------------------------
    Total                      3.477ns (1.843ns logic, 1.634ns route)
                                       (53.0% logic, 47.0% route)

=========================================================================
Timing constraint: Default OFFSET OUT AFTER for Clock 'CLK'
  Total number of paths / destination ports: 7 / 7
-------------------------------------------------------------------------
Offset:              0.640ns (Levels of Logic = 1)
  Source:            result_6 (FF)
  Destination:       result<6> (PAD)
  Source Clock:      CLK rising

  Data Path: result_6 to result<6>
                                Gate     Net
    Cell:in->out      fanout   Delay   Delay  Logical Name (Net Name)
    ----------------------------------------  ------------
     FDE:C->Q              1   0.361   0.279  result_6 (result_6)
     OBUF:I->O                 0.000          result_6_OBUF (result<6>)
    ----------------------------------------
    Total                      0.640ns (0.361ns logic, 0.279ns route)
                                       (56.4% logic, 43.6% route)

=========================================================================

Cross Clock Domains Report:
--------------------------

Clock to Setup on destination clock CLK
---------------+---------+---------+---------+---------+
               | Src:Rise| Src:Fall| Src:Rise| Src:Fall|
Source Clock   |Dest:Rise|Dest:Rise|Dest:Fall|Dest:Fall|
---------------+---------+---------+---------+---------+
CLK            |    3.686|         |         |         |
---------------+---------+---------+---------+---------+

=========================================================================


Total REAL time to Xst completion: 10.00 secs
Total CPU time to Xst completion: 10.43 secs
 
--> 

Total memory usage is 414612 kilobytes

Number of errors   :    0 (   0 filtered)
Number of warnings :    0 (   0 filtered)
Number of infos    :    1 (   0 filtered)

